> Task :app:checkKotlinGradlePluginConfigurationErrors SKIPPED
> Task :app:preBuild UP-TO-DATE
> Task :app:preDebugBuild UP-TO-DATE
> Task :app:dataBindingMergeDependencyArtifactsDebug UP-TO-DATE
> Task :app:generateDebugResValues UP-TO-DATE
> Task :app:generateDebugResources UP-TO-DATE
> Task :app:mergeDebugResources UP-TO-DATE
> Task :app:dataBindingGenBaseClassesDebug UP-TO-DATE
> Task :app:generateDebugBuildConfig UP-TO-DATE
> Task :app:generateSafeArgsDebug UP-TO-DATE
> Task :app:checkDebugAarMetadata UP-TO-DATE
> Task :app:processDebugNavigationResources UP-TO-DATE
> Task :app:compileDebugNavigationResources UP-TO-DATE
> Task :app:mapDebugSourceSetPaths UP-TO-DATE
> Task :app:createDebugCompatibleScreenManifests UP-TO-DATE
> Task :app:extractDeepLinksDebug UP-TO-DATE
> Task :app:processDebugMainManifest UP-TO-DATE
> Task :app:processDebugManifest UP-TO-DATE
> Task :app:processDebugManifestForPackage UP-TO-DATE
> Task :app:processDebugResources UP-TO-DATE
> Task :app:kspDebugKotlin UP-TO-DATE
> Task :app:compileDebugKotlin UP-TO-DATE
> Task :app:javaPreCompileDebug UP-TO-DATE

> Task :app:compileDebugJavaWithJavac
.\gradlew.bat : Note: C:\Users\Bale\Desktop\QuackPad\app\build\generated\data_binding_base_class_source_ou
t\debug\out\org\qosp\notes\databinding\ActivityMediaBinding.java uses or overrides a deprecated API.
In riga:1 car:1
+ .\gradlew.bat :app:testDebugUnitTest > test.log 2>&1
+ ~~~~~~~~~~~~~~~~~~~~~~~~~~~~~~~~~~~~~~~~~~~~~~~~~~~~
    + CategoryInfo          : NotSpecified: (Note: C:\Users\...deprecated API.:String) [], RemoteExceptio 
   n
    + FullyQualifiedErrorId : NativeCommandError
 
Note: Recompile with -Xlint:deprecation for details.

> Task :app:preDebugUnitTestBuild UP-TO-DATE
> Task :app:javaPreCompileDebugUnitTest
> Task :app:processDebugJavaRes
> Task :app:bundleDebugClassesToCompileJar
> Task :app:bundleDebugClassesToRuntimeJar
> Task :app:kspDebugUnitTestKotlin

> Task :app:compileDebugUnitTestKotlin FAILED

[Incubating] Problems report is available at: file:///C:/Users/Bale/Desktop/QuackPad/build/reports/problems/problems-report.html
e: file:///C:/Users/Bale/Desktop/QuackPad/app/src/test/java/org/qosp/notes/data/BackupTest.kt:22:17 
Unresolved reference 'IdMapping'.
e: file:///C:/Users/Bale/Desktop/QuackPad/app/src/test/java/org/qosp/notes/data/BackupTest.kt:24:21 
Unresolved reference 'CloudService'.
e: file:///C:/Users/Bale/Desktop/QuackPad/app/src/test/java/org/qosp/notes/data/BackupTest.kt:27:9 Syntax 
error: Expecting an element.
e: file:///C:/Users/Bale/Desktop/QuackPad/app/src/test/java/org/qosp/notes/data/BackupTest.kt:28:9 
Unresolved reference 'assertNotNull'.

FAILURE: Build failed with an exception.

* What went wrong:
Execution failed for task ':app:compileDebugUnitTestKotlin'.
> A failure occurred while executing 
org.jetbrains.kotlin.compilerRunner.GradleCompilerRunnerWithWorkers$GradleKotlinCompilerWorkAction
   > Compilation error. See log for more details

27 actionable tasks: 7 executed, 20 up-to-date
* Try:
> Run with --stacktrace option to get the stack trace.
> Run with --info or --debug option to get more log output.
> Run with --scan to generate a Build Scan (Powered by Develocity).
> Get more help at https://help.gradle.org.

BUILD FAILED in 10s
